// Jest Snapshot v1, https://goo.gl/fbAQLP

exports[`renders 1`] = `
<DocumentFragment>
  <nav
    class="navbar navbar-expand-lg navbar-dark bg-dark"
  >
    <h1
      class="site-title"
    >
      Recipe Round Up
    </h1>
    <button
      aria-controls="navbarText"
      aria-expanded="false"
      aria-label="Toggle navigation"
      class="navbar-toggler"
      data-target="#navbarText"
      data-toggle="collapse"
      type="button"
    >
      <span
        class="navbar-toggler-icon"
      />
    </button>
    <div
      class="collapse navbar-collapse"
      id="navbarText"
    >
      <ul
        class="navbar-nav mr-auto"
      >
        <li
          class="nav-item"
        >
          Cancelled: 0
        </li>
        <li
          class="nav-item"
        >
          Pending: 0
        </li>
        <li
          class="nav-item"
        >
          In Progress: 0
        </li>
        <li
          class="nav-item"
        >
          Fulfilled: 0
        </li>
      </ul>
    </div>
  </nav>
  <div
    class="container"
  >
    <div
      class="row"
    >
      <div
        class="col-md-6"
      >
        <h1>
          Pending Orders
        </h1>
        <table
          class="table"
        >
          <thead
            class="thead-dark"
          >
            <tr>
              <th
                scope="col"
              >
                Order Index
              </th>
              <th
                scope="col"
              >
                Recipe Number
              </th>
              <th
                scope="col"
              >
                Status
              </th>
              <th
                scope="col"
              >
                Total Times Made
              </th>
            </tr>
          </thead>
          <tbody>
            <tr>
              <th
                scope="row"
              />
              <td />
              <td />
            </tr>
          </tbody>
        </table>
      </div>
      <div
        class="col-md-6"
      >
        <h1>
          Item Inventory
        </h1>
        <table
          class="table"
        >
          <thead
            class="thead-dark"
          >
            <tr>
              <th
                scope="col"
              >
                ID
              </th>
              <th
                scope="col"
              >
                Name
              </th>
              <th
                scope="col"
              >
                <input
                  placeholder="Filter by color"
                  type="text"
                />
              </th>
              <th
                scope="col"
              >
                Quantity
              </th>
            </tr>
          </thead>
          <tbody>
            <tr>
              <th
                scope="row"
              />
              <td />
              <td />
              <td />
            </tr>
          </tbody>
        </table>
      </div>
    </div>
    <div
      class="row"
    >
      <div
        class="col-md-12"
      >
        <h1>
          New Recipe
        </h1>
        <table
          class="table"
        >
          <thead
            class="thead-dark"
          >
            <tr>
              <th
                scope="col"
              >
                Recipe Id
              </th>
              <th
                scope="col"
              >
                Recipe Name
              </th>
              <th
                scope="col"
              />
            </tr>
          </thead>
          <tbody>
            <tr>
              <th
                scope="row"
              />
              <td />
              <td />
            </tr>
          </tbody>
        </table>
      </div>
    </div>
  </div>
</DocumentFragment>
`;
